// Jest Snapshot v1, https://goo.gl/fbAQLP

exports[`it test to render a photo component with id and url of the photo 1`] = `"<div class=\\"photo-container d-flex align-items-center\\"><img class=\\"photo\\" src=\\"https://images.unsplash.com/photo-1592194996308-7b43878e84a6?ixid=MnwyMjE4NTV8MHwxfHNlYXJjaHwxfHxjYXRzfGVufDB8fHx8MTYxODIzNjY2Nw&amp;ixlib=rb-1.2.1\\" alt=\\"Cat\\"></div>"`;
